
> bin-group-super-app@1.0.0 build
> vite build

[36mvite v5.4.21 [32mbuilding for production...[36m[39m
transforming...
[32mΓ£ô[39m 15020 modules transformed.
rendering chunks...
[plugin:vite:reporter] [plugin vite:reporter] 
(!) C:/Users/My-PC/Desktop/bin app/src/lib/firebase.ts is dynamically imported by C:/Users/My-PC/Desktop/bin app/src/components/SovereignErrorBoundary.tsx, C:/Users/My-PC/Desktop/bin app/src/components/SovereignErrorBoundary.tsx, C:/Users/My-PC/Desktop/bin app/src/pages/public/AuditorPortalPage.tsx, C:/Users/My-PC/Desktop/bin app/src/pages/public/AuditorPortalPage.tsx but also statically imported by C:/Users/My-PC/Desktop/bin app/src/admin/AdminTerminal.tsx, C:/Users/My-PC/Desktop/bin app/src/admin/components/AdminPaymentApproval.tsx, C:/Users/My-PC/Desktop/bin app/src/admin/components/BulkImporter.tsx, C:/Users/My-PC/Desktop/bin app/src/admin/components/DigitalTwinTab.tsx, C:/Users/My-PC/Desktop/bin app/src/admin/components/Navigation.tsx, C:/Users/My-PC/Desktop/bin app/src/admin/components/ops/PublicLaunchOpsPanel.tsx, C:/Users/My-PC/Desktop/bin app/src/admin/components/reports/InstitutionalReportsPanel.tsx, C:/Users/My-PC/Desktop/bin app/src/admin/components/technicians/AddTechnicianDialog.tsx, C:/Users/My-PC/Desktop/bin app/src/admin/components/tenants/AddTenantDialog.tsx, C:/Users/My-PC/Desktop/bin app/src/admin/components/tenants/BulkTenantImportDialog.tsx, C:/Users/My-PC/Desktop/bin app/src/admin/context/AuthContext.tsx, C:/Users/My-PC/Desktop/bin app/src/admin/pages/AuditLogPage.tsx, C:/Users/My-PC/Desktop/bin app/src/admin/pages/ProductionControlCenter.tsx, C:/Users/My-PC/Desktop/bin app/src/admin/pages/admin/AdminPermissionsPage.tsx, C:/Users/My-PC/Desktop/bin app/src/admin/pages/admin/AuditShieldPage.tsx, C:/Users/My-PC/Desktop/bin app/src/admin/pages/admin/CompanyProfileAdminPage.tsx, C:/Users/My-PC/Desktop/bin app/src/admin/pages/admin/CompliancePage.tsx, C:/Users/My-PC/Desktop/bin app/src/admin/pages/admin/DesignStudioAdminPage.tsx, C:/Users/My-PC/Desktop/bin app/src/admin/pages/admin/HRManagementPage.tsx, C:/Users/My-PC/Desktop/bin app/src/admin/pages/admin/IntakeVaultPage.tsx, C:/Users/My-PC/Desktop/bin app/src/admin/pages/admin/OrphanWarRoomPage.tsx, C:/Users/My-PC/Desktop/bin app/src/admin/pages/admin/PricingMatrixPage.tsx, C:/Users/My-PC/Desktop/bin app/src/admin/pages/admin/ProfitabilityPage.tsx, C:/Users/My-PC/Desktop/bin app/src/admin/pages/admin/PropertyOnboardingPage.tsx, C:/Users/My-PC/Desktop/bin app/src/admin/pages/admin/SovereignControlPage.tsx, C:/Users/My-PC/Desktop/bin app/src/admin/pages/brokers/BrokerManagementPage.tsx, C:/Users/My-PC/Desktop/bin app/src/admin/pages/contracts/AdminContractsPage.tsx, C:/Users/My-PC/Desktop/bin app/src/admin/pages/dashboard/DashboardPage.tsx, C:/Users/My-PC/Desktop/bin app/src/admin/pages/dashboard/SmartBuildingMonitorPage.tsx, C:/Users/My-PC/Desktop/bin app/src/admin/pages/documents/InstitutionalDocumentVaultPage.tsx, C:/Users/My-PC/Desktop/bin app/src/admin/pages/financials/PayrollManagementPage.tsx, C:/Users/My-PC/Desktop/bin app/src/admin/pages/financials/ProfitabilityDashboardPage.tsx, C:/Users/My-PC/Desktop/bin app/src/admin/pages/financials/TransactionsPage.tsx, C:/Users/My-PC/Desktop/bin app/src/admin/pages/owners/OwnerManagementPage.tsx, C:/Users/My-PC/Desktop/bin app/src/admin/pages/properties/AddPropertyPage.tsx, C:/Users/My-PC/Desktop/bin app/src/admin/pages/properties/PropertyPassportPage.tsx, C:/Users/My-PC/Desktop/bin app/src/admin/pages/reports/ReportsPage.tsx, C:/Users/My-PC/Desktop/bin app/src/admin/pages/sos/SOSFeedPage.tsx, C:/Users/My-PC/Desktop/bin app/src/admin/pages/technicians/TechnicianDutyMonitorPage.tsx, C:/Users/My-PC/Desktop/bin app/src/admin/pages/technicians/TechniciansManagementPage.tsx, C:/Users/My-PC/Desktop/bin app/src/admin/pages/tenants/TenantsManagementPage.tsx, C:/Users/My-PC/Desktop/bin app/src/admin/pages/tickets/TicketsManagementPage.tsx, C:/Users/My-PC/Desktop/bin app/src/broker/BrokerApp.tsx, C:/Users/My-PC/Desktop/bin app/src/broker/pages/BrokerCommissionsPage.tsx, C:/Users/My-PC/Desktop/bin app/src/broker/pages/BrokerDashboardPage.tsx, C:/Users/My-PC/Desktop/bin app/src/broker/pages/BrokerDocumentsPage.tsx, C:/Users/My-PC/Desktop/bin app/src/broker/pages/BrokerLeadsPage.tsx, C:/Users/My-PC/Desktop/bin app/src/broker/pages/BrokerProfilePage.tsx, C:/Users/My-PC/Desktop/bin app/src/broker/pages/BrokerReferralsPage.tsx, C:/Users/My-PC/Desktop/bin app/src/components/IbanManager.tsx, C:/Users/My-PC/Desktop/bin app/src/components/LegalModal.tsx, C:/Users/My-PC/Desktop/bin app/src/components/MissionGuidanceFeed.tsx, C:/Users/My-PC/Desktop/bin app/src/components/ProtectedRoute.tsx, C:/Users/My-PC/Desktop/bin app/src/components/SovereignHeader.tsx, C:/Users/My-PC/Desktop/bin app/src/components/SovereignSupportChat.tsx, C:/Users/My-PC/Desktop/bin app/src/components/navigation/NavigationControl.tsx, C:/Users/My-PC/Desktop/bin app/src/components/onboarding/AccountCreationStep.tsx, C:/Users/My-PC/Desktop/bin app/src/components/onboarding/AssetProfileStep.tsx, C:/Users/My-PC/Desktop/bin app/src/components/onboarding/PaymentSubmissionStep.tsx, C:/Users/My-PC/Desktop/bin app/src/components/onboarding/ProofUploadStep.tsx, C:/Users/My-PC/Desktop/bin app/src/context/RoleContext.tsx, C:/Users/My-PC/Desktop/bin app/src/lib/notificationService.ts, C:/Users/My-PC/Desktop/bin app/src/owner/pages/OwnerContractsPage.tsx, C:/Users/My-PC/Desktop/bin app/src/owner/pages/OwnerDashboardPage.tsx, C:/Users/My-PC/Desktop/bin app/src/owner/pages/OwnerDocumentsPage.tsx, C:/Users/My-PC/Desktop/bin app/src/owner/pages/OwnerFinancialsPage.tsx, C:/Users/My-PC/Desktop/bin app/src/owner/pages/OwnerIbanPage.tsx, C:/Users/My-PC/Desktop/bin app/src/owner/pages/OwnerPropertiesPage.tsx, C:/Users/My-PC/Desktop/bin app/src/owner/pages/OwnerPropertyPassportPage.tsx, C:/Users/My-PC/Desktop/bin app/src/owner/pages/OwnerRoiPage.tsx, C:/Users/My-PC/Desktop/bin app/src/owner/pages/OwnerTenantsPage.tsx, C:/Users/My-PC/Desktop/bin app/src/owner/pages/OwnerUnitsPage.tsx, C:/Users/My-PC/Desktop/bin app/src/pages/DashboardPage.tsx, C:/Users/My-PC/Desktop/bin app/src/pages/DesignRequestDetailPage.tsx, C:/Users/My-PC/Desktop/bin app/src/pages/DesignStudioPage.tsx, C:/Users/My-PC/Desktop/bin app/src/pages/ExecutiveReportingPage.tsx, C:/Users/My-PC/Desktop/bin app/src/pages/FinancialDashboardPage.tsx, C:/Users/My-PC/Desktop/bin app/src/pages/GovernmentPropertyPage.tsx, C:/Users/My-PC/Desktop/bin app/src/pages/HealthScorePage.tsx, C:/Users/My-PC/Desktop/bin app/src/pages/InvoiceDetailsPage.tsx, C:/Users/My-PC/Desktop/bin app/src/pages/LoginPage.tsx, C:/Users/My-PC/Desktop/bin app/src/pages/MaintenanceCalendarPage.tsx, C:/Users/My-PC/Desktop/bin app/src/pages/NotificationInboxPage.tsx, C:/Users/My-PC/Desktop/bin app/src/pages/OwnerLandingPage.tsx, C:/Users/My-PC/Desktop/bin app/src/pages/PropertyUnitsPage.tsx, C:/Users/My-PC/Desktop/bin app/src/pages/ReportingDashboard.tsx, C:/Users/My-PC/Desktop/bin app/src/pages/TenantInvitePage.tsx, C:/Users/My-PC/Desktop/bin app/src/pages/TurnoverEnginePage.tsx, C:/Users/My-PC/Desktop/bin app/src/pages/public/CertificateVerificationPage.tsx, C:/Users/My-PC/Desktop/bin app/src/pages/public/CompanyProfilePage.tsx, C:/Users/My-PC/Desktop/bin app/src/pages/public/InvoiceVerificationPage.tsx, C:/Users/My-PC/Desktop/bin app/src/services/notificationService.ts, C:/Users/My-PC/Desktop/bin app/src/shared-exports.ts, C:/Users/My-PC/Desktop/bin app/src/technician/pages/TechnicianChatPage.tsx, C:/Users/My-PC/Desktop/bin app/src/technician/pages/TechnicianDashboardPage.tsx, C:/Users/My-PC/Desktop/bin app/src/technician/pages/TechnicianHistoryPage.tsx, C:/Users/My-PC/Desktop/bin app/src/technician/pages/TechnicianJobDetailPage.tsx, C:/Users/My-PC/Desktop/bin app/src/technician/pages/TechnicianJobsPage.tsx, C:/Users/My-PC/Desktop/bin app/src/technician/pages/TechnicianMapPage.tsx, C:/Users/My-PC/Desktop/bin app/src/technician/pages/TechnicianProfilePage.tsx, C:/Users/My-PC/Desktop/bin app/src/tenant/pages/TenantChatPage.tsx, C:/Users/My-PC/Desktop/bin app/src/tenant/pages/TenantDashboardPage.tsx, C:/Users/My-PC/Desktop/bin app/src/tenant/pages/TenantDocumentsPage.tsx, C:/Users/My-PC/Desktop/bin app/src/tenant/pages/TenantEmergencyPage.tsx, C:/Users/My-PC/Desktop/bin app/src/tenant/pages/TenantProfilePage.tsx, C:/Users/My-PC/Desktop/bin app/src/tenant/pages/TenantRequestPage.tsx, C:/Users/My-PC/Desktop/bin app/src/tenant/pages/TenantTicketDetailPage.tsx, C:/Users/My-PC/Desktop/bin app/src/tenant/pages/TenantTicketsPage.tsx, C:/Users/My-PC/Desktop/bin app/src/utils/auditLogger.ts, C:/Users/My-PC/Desktop/bin app/src/utils/portfolioAggregationEngine.ts, C:/Users/My-PC/Desktop/bin app/src/utils/turnoverEngine.ts, dynamic import will not move module into another chunk.

computing gzip size...
[2mdist/[22m[32mindex.html                          [39m[1m[2m    3.37 kB[22m[1m[22m[2m Γöé gzip:   1.41 kB[22m
[2mdist/[22m[35massets/index-Dwzo-0HR.css           [39m[1m[2m    0.74 kB[22m[1m[22m[2m Γöé gzip:   0.40 kB[22m
[2mdist/[22m[36massets/purify.es-BgtpMKW3.js        [39m[1m[2m   22.77 kB[22m[1m[22m[2m Γöé gzip:   8.79 kB[22m
[2mdist/[22m[36massets/index.es-Dah17Op5.js         [39m[1m[2m  150.38 kB[22m[1m[22m[2m Γöé gzip:  51.45 kB[22m
[2mdist/[22m[36massets/html2canvas.esm-CBrSDip1.js  [39m[1m[2m  201.42 kB[22m[1m[22m[2m Γöé gzip:  48.03 kB[22m
[2mdist/[22m[36massets/ui-BeyyUp6x.js               [39m[1m[33m  558.27 kB[39m[22m[2m Γöé gzip: 153.42 kB[22m
[2mdist/[22m[36massets/vendor-_kcmLUaL.js           [39m[1m[33m1,012.84 kB[39m[22m[2m Γöé gzip: 277.55 kB[22m
[2mdist/[22m[36massets/index-Df9Xerg-.js            [39m[1m[33m1,564.07 kB[39m[22m[2m Γöé gzip: 424.91 kB[22m

(!) Some chunks are larger than 500 kB after minification. Consider:
- Using dynamic import() to code-split the application
- Use build.rollupOptions.output.manualChunks to improve chunking: https://rollupjs.org/configuration-options/#output-manualchunks
- Adjust chunk size limit for this warning via build.chunkSizeWarningLimit.
[32mΓ£ô built in 23.87s[39m
